---
source: niri-config/src/lib.rs
expression: parsed.input.touchpad.scroll_factor
---
Some(
    ScrollFactor {
        base: None,
        horizontal: None,
        vertical: Some(
            FloatOrInt(
                -1.5,
            ),
        ),
    },
)
