---
source: src/tests/window_opening.rs
description: "want fullscreen: BU\nconfig:\nwindow-rule {\n    open-fullscreen false\n    open-maximized-to-edges true\n}"
expression: snapshot
---
initial configure:
size: 1280 × 720, bounds: 1248 × 688, states: [Maximized]

post-map configures:
size: 1280 × 720, bounds: 1248 × 688, states: [Maximized, Activated]

unmaximize configure:
size: 616 × 688, bounds: 1248 × 688, states: [Activated]
