---
source: src/tests/window_opening.rs
description: "want fullscreen: BN\nconfig:\nwindow-rule {\n    open-fullscreen false\n    default-column-width { proportion 0.25; }\n    default-window-height { fixed 500; }\n    border { on; }\n}"
expression: snapshot
snapshot_kind: text
---
initial configure:
size: 292 × 500, bounds: 1240 × 680, states: []

post-map configures:
size: 292 × 500, bounds: 1240 × 680, states: [Activated]
