---
source: src/tests/window_opening.rs
description: "want fullscreen: AU\nconfig:\nwindow-rule {\n    open-fullscreen false\n    open-floating true\n    default-column-width { proportion 0.25; }\n    default-window-height {  }\n}"
expression: snapshot
snapshot_kind: text
---
initial configure:
size: 320 × 0, bounds: 1280 × 720, states: []

post-map configures:
size: 320 × 0, bounds: 1280 × 720, states: []
size: 320 × 1, bounds: 1280 × 720, states: [Activated]
