---
source: src/tests/window_opening.rs
description: "want fullscreen: AU\nconfig:\nwindow-rule {\n    open-fullscreen true\n    default-column-width {  }\n    default-window-height { proportion 0.5; }\n    border { on; }\n}"
expression: snapshot
snapshot_kind: text
---
initial configure:
size: 1280 × 720, bounds: 1240 × 680, states: [Fullscreen]

post-map configures:
size: 0 × 328, bounds: 1240 × 680, states: []
size: 1 × 328, bounds: 1240 × 680, states: [Activated]
