---
source: src/tests/window_opening.rs
description: "config:\nwindow-rule {\n    open-fullscreen false\n    default-column-width { proportion 0.25; }\n    default-window-height { proportion 0.5; }\n}"
expression: snapshot
snapshot_kind: text
---
initial configure:
size: 300 × 336, bounds: 1248 × 688, states: []

post-map configures:
size: 300 × 336, bounds: 1248 × 688, states: [Activated]
