---
source: src/tests/window_opening.rs
description: "want fullscreen: AU\nconfig:\nwindow-rule {\n    open-floating true\n    default-window-height { fixed 500; }\n    border { on; }\n}"
expression: snapshot
snapshot_kind: text
---
initial configure:
size: 0 × 500, bounds: 1272 × 712, states: []

post-map configures:
size: 0 × 500, bounds: 1272 × 712, states: []
size: 1 × 500, bounds: 1272 × 712, states: [Activated]
