---
source: src/tests/window_opening.rs
description: "want fullscreen: AU\nconfig:\nwindow-rule {\n    open-fullscreen false\n    open-maximized true\n    open-floating true\n    border { on; }\n}"
expression: snapshot
snapshot_kind: text
---
initial configure:
size: 0 × 0, bounds: 1272 × 712, states: []

post-map configures:
size: 0 × 0, bounds: 1272 × 712, states: []
size: 1 × 1, bounds: 1272 × 712, states: [Activated]
