---
source: src/tests/window_opening.rs
description: "want fullscreen: BN\nconfig:\nwindow-rule {\n    open-fullscreen true\n    open-maximized true\n    open-floating true\n    default-column-width { fixed 1000; }\n    default-window-height { fixed 500; }\n    border { on; }\n    default-column-display \"tabbed\"\n}\n\nlayout {\n    tab-indicator {\n        place-within-column\n    }\n}"
expression: snapshot
---
initial configure:
size: 1280 × 720, bounds: 1272 × 712, states: [Fullscreen]

post-map configures:
size: 1280 × 720, bounds: 1231 × 680, states: [Fullscreen, Activated]

unfullscreen configure:
size: 0 × 0, bounds: 1272 × 712, states: [Activated]
