---
source: src/tests/window_opening.rs
description: "want fullscreen: B1\nset parent: B2\nconfig:\nworkspace \"ws-1\" {\n    open-on-output \"headless-1\"\n}\n\nworkspace \"ws-2\" {\n    open-on-output \"headless-2\"\n}\n\nwindow-rule {\n    exclude title=\"parent\"\n\n    open-on-workspace \"ws-2\"\n    open-on-output \"headless-2\"\n}\n\nwindow-rule {\n    match title=\"parent\"\n    open-on-output \"headless-2\"\n}"
expression: snapshot
snapshot_kind: text
---
final monitor: headless-2
final workspace: 0 (ws-2)

initial configure:
size: 1920 × 1080, bounds: 1920 × 1080, states: [Fullscreen]

post-map configures:
size: 1920 × 1080, bounds: 1888 × 1048, states: [Fullscreen]

unfullscreen configure:
size: 0 × 0, bounds: 1920 × 1080, states: []
