---
source: src/tests/window_opening.rs
description: "want fullscreen: BN\nconfig:\nwindow-rule {\n    default-window-height { proportion 0.5; }\n}"
expression: snapshot
snapshot_kind: text
---
initial configure:
size: 1280 × 720, bounds: 1248 × 688, states: [Fullscreen]

post-map configures:
size: 1280 × 720, bounds: 1248 × 688, states: [Fullscreen, Activated]

unfullscreen configure:
size: 616 × 336, bounds: 1248 × 688, states: [Activated]
