---
source: src/tests/window_opening.rs
description: "config:\nwindow-rule {\n    open-fullscreen false\n    open-maximized true\n}"
expression: snapshot
snapshot_kind: text
---
initial configure:
size: 1248 × 688, bounds: 1248 × 688, states: []

post-map configures:
size: 1248 × 688, bounds: 1248 × 688, states: [Activated]
