---
source: src/tests/window_opening.rs
description: "want fullscreen: AN\nconfig:\nwindow-rule {\n    open-fullscreen false\n    open-maximized true\n    default-column-width {  }\n}"
expression: snapshot
snapshot_kind: text
---
initial configure:
size: 1248 × 688, bounds: 1248 × 688, states: []

post-map configures:
size: 1280 × 720, bounds: 1248 × 688, states: [Fullscreen]
size: 1280 × 720, bounds: 1248 × 688, states: [Fullscreen, Activated]

unfullscreen configure:
size: 1248 × 688, bounds: 1248 × 688, states: [Activated]
