---
source: src/tests/window_opening.rs
description: "want fullscreen: AU\nconfig:\nwindow-rule {\n    open-maximized true\n    open-floating true\n    default-window-height { fixed 500; }\n    default-column-display \"tabbed\"\n}\n\nlayout {\n    tab-indicator {\n        place-within-column\n    }\n}"
expression: snapshot
---
initial configure:
size: 0 × 500, bounds: 1280 × 720, states: []

post-map configures:
size: 0 × 500, bounds: 1280 × 720, states: []
size: 1 × 500, bounds: 1280 × 720, states: [Activated]
