---
source: src/tests/window_opening.rs
description: "want fullscreen: BU\nconfig:\nwindow-rule {\n    open-maximized true\n    open-floating true\n    default-column-width { proportion 0.25; }\n    default-window-height { fixed 500; }\n}"
expression: snapshot
snapshot_kind: text
---
initial configure:
size: 320 × 500, bounds: 1280 × 720, states: []

post-map configures:
size: 1 × 1, bounds: 1280 × 720, states: [Activated]
