---
source: src/tests/window_opening.rs
description: "want fullscreen: AN\nconfig:\nworkspace \"ws-1\" {\n    open-on-output \"headless-1\"\n}\n\nworkspace \"ws-2\" {\n    open-on-output \"headless-2\"\n}\n\nwindow-rule {\n    exclude title=\"parent\"\n\n    open-on-output \"headless-2\"\n}"
expression: snapshot
snapshot_kind: text
---
final monitor: headless-2
final workspace: 0 (ws-2)

initial configure:
size: 936 × 1048, bounds: 1888 × 1048, states: []

post-map configures:
size: 1920 × 1080, bounds: 1888 × 1048, states: [Fullscreen]

unfullscreen configure:
size: 936 × 1048, bounds: 1888 × 1048, states: []
