---
source: src/tests/window_opening.rs
description: "want fullscreen: BU\nwant maximized: B\nconfig:\nwindow-rule {\n    open-fullscreen false\n    open-maximized-to-edges false\n}"
expression: snapshot
---
initial configure:
size: 616 × 688, bounds: 1248 × 688, states: []

post-map configures:
size: 616 × 688, bounds: 1248 × 688, states: [Activated]
