---
source: src/tests/window_opening.rs
description: "want fullscreen: AN\nconfig:\nwindow-rule {\n    open-maximized true\n    open-floating true\n    default-column-width {  }\n    default-window-height { fixed 500; }\n    border { on; }\n}"
expression: snapshot
snapshot_kind: text
---
initial configure:
size: 0 × 500, bounds: 1272 × 712, states: []

post-map configures:
size: 1280 × 720, bounds: 1240 × 680, states: [Fullscreen]
size: 1280 × 720, bounds: 1240 × 680, states: [Fullscreen, Activated]

unfullscreen configure:
size: 0 × 0, bounds: 1272 × 712, states: [Activated]
