---
source: src/tests/window_opening.rs
description: "want fullscreen: AU\nconfig:\nwindow-rule {\n    open-fullscreen true\n}"
expression: snapshot
snapshot_kind: text
---
initial configure:
size: 1280 × 720, bounds: 1248 × 688, states: [Fullscreen]

post-map configures:
size: 616 × 688, bounds: 1248 × 688, states: []
size: 616 × 688, bounds: 1248 × 688, states: [Activated]
