---
source: src/tests/window_opening.rs
description: "want fullscreen: BU\nconfig:\nwindow-rule {\n    open-maximized true\n    default-column-width { fixed 1000; }\n    default-window-height { fixed 500; }\n}"
expression: snapshot
snapshot_kind: text
---
initial configure:
size: 1248 × 500, bounds: 1248 × 688, states: []

post-map configures:
size: 1248 × 500, bounds: 1248 × 688, states: [Activated]
