---
source: src/tests/window_opening.rs
description: "want fullscreen: BU\nconfig:\nwindow-rule {\n    open-fullscreen true\n    default-column-width { fixed 1000; }\n    default-window-height {  }\n    border { on; }\n}"
expression: snapshot
snapshot_kind: text
---
initial configure:
size: 1280 × 720, bounds: 1240 × 680, states: [Fullscreen]

post-map configures:
size: 1280 × 720, bounds: 1240 × 680, states: [Fullscreen, Activated]

unfullscreen configure:
size: 1000 × 680, bounds: 1240 × 680, states: [Activated]
