---
source: src/tests/window_opening.rs
description: "want fullscreen: AU\nconfig:\nwindow-rule {\n    open-fullscreen false\n    default-column-width { proportion 0.25; }\n    default-window-height {  }\n    border { on; }\n}"
expression: snapshot
snapshot_kind: text
---
initial configure:
size: 292 × 680, bounds: 1240 × 680, states: []

post-map configures:
size: 292 × 680, bounds: 1240 × 680, states: []
size: 292 × 680, bounds: 1240 × 680, states: [Activated]
