---
source: src/tests/window_opening.rs
description: "want fullscreen: BU\nconfig:\nwindow-rule {\n    open-floating true\n    default-window-height { fixed 500; }\n    border { on; }\n    default-column-display \"tabbed\"\n}\n\nlayout {\n    tab-indicator {\n        place-within-column\n    }\n}"
expression: snapshot
---
initial configure:
size: 0 × 500, bounds: 1272 × 712, states: []

post-map configures:
size: 1 × 1, bounds: 1272 × 712, states: [Activated]
