---
source: src/tests/window_opening.rs
description: "want fullscreen: B1\nset parent: B1\nconfig:\nworkspace \"ws-1\" {\n    open-on-output \"headless-1\"\n}\n\nworkspace \"ws-2\" {\n    open-on-output \"headless-2\"\n}\n\nwindow-rule {\n    exclude title=\"parent\"\n\n    open-on-output \"headless-2\"\n    open-fullscreen false\n}\n\nwindow-rule {\n    match title=\"parent\"\n    open-on-output \"headless-1\"\n}"
expression: snapshot
snapshot_kind: text
---
final monitor: headless-2
final workspace: 0 (ws-2)

initial configure:
size: 0 × 0, bounds: 1920 × 1080, states: []

post-map configures:
size: 1 × 1, bounds: 1920 × 1080, states: []
