---
source: src/tests/window_opening.rs
description: "want fullscreen: AU\nconfig:\nwindow-rule {\n    default-column-width {  }\n    border { on; }\n}"
expression: snapshot
snapshot_kind: text
---
initial configure:
size: 0 × 680, bounds: 1240 × 680, states: []

post-map configures:
size: 0 × 680, bounds: 1240 × 680, states: []
size: 1 × 680, bounds: 1240 × 680, states: [Activated]
