---
source: src/tests/window_opening.rs
description: "config:\nwindow-rule {\n}"
expression: snapshot
snapshot_kind: text
---
initial configure:
size: 616 × 688, bounds: 1248 × 688, states: []

post-map configures:
size: 616 × 688, bounds: 1248 × 688, states: [Activated]
