---
source: src/tests/window_opening.rs
description: "want fullscreen: AU\nconfig:\nwindow-rule {\n    open-maximized true\n    default-window-height {  }\n}"
expression: snapshot
snapshot_kind: text
---
initial configure:
size: 1248 × 688, bounds: 1248 × 688, states: []

post-map configures:
size: 1248 × 688, bounds: 1248 × 688, states: []
size: 1248 × 688, bounds: 1248 × 688, states: [Activated]
