---
source: src/tests/window_opening.rs
description: "config:\nwindow-rule {\n    open-fullscreen false\n    open-maximized true\n    default-window-height { proportion 0.5; }\n    border { on; }\n}"
expression: snapshot
snapshot_kind: text
---
initial configure:
size: 1240 × 328, bounds: 1240 × 680, states: []

post-map configures:
size: 1240 × 328, bounds: 1240 × 680, states: [Activated]
