---
source: src/tests/window_opening.rs
description: "want fullscreen: AU\nconfig:\nwindow-rule {\n    open-fullscreen false\n    default-column-width {  }\n    default-window-height { fixed 500; }\n}"
expression: snapshot
snapshot_kind: text
---
initial configure:
size: 0 × 500, bounds: 1248 × 688, states: []

post-map configures:
size: 0 × 500, bounds: 1248 × 688, states: []
size: 1 × 500, bounds: 1248 × 688, states: [Activated]
